
> dcldf@0.0.0 build
> vite build

[36mvite v7.2.2 [32mbuilding client environment for production...[36m[39m
transforming...
[32mΓ£ô[39m 5706 modules transformed.
node.exe : [31mΓ£ù[39m Build failed in 12.09s
At line:1 char:1
+ & "C:\Program Files\nodejs/node.exe" "C:\Program Files\nodejs/node_mo ...
+ ~~~~~~~~~~~~~~~~~~~~~~~~~~~~~~~~~~~~~~~~~~~~~~~~~~~~~~~~~~~~~~~~~~~~~
    + CategoryInfo          : NotSpecified: ([31mΓ£ù[39m Build failed in 12. 
   09s:String) [], RemoteException
    + FullyQualifiedErrorId : NativeCommandError
 
[31merror during build:
[31msrc/pages/RegisterPage.jsx (5:9): "BiShieldLock" is not exported by 
"node_modules/react-icons/bi/index.mjs", imported by 
"src/pages/RegisterPage.jsx".[31m
file: 
[36mC:/Users/raphael.eric/convert/dcf/src/pages/RegisterPage.jsx:5:9[31m
[33m
3: import { useNavigate } from "react-router-dom";
4: import { FiCheckCircle, FiUser, FiMail, FiLock, FiEye, FiEyeOff } from 
"react-icons/fi";
5: import { BiShieldLock } from "react-icons/bi";
            ^
6: 
7: const RegisterPage = () => {
[31m
    at getRollupError (file:///C:/Users/raphael.eric/convert/dcf/node_modules/r
ollup/dist/es/shared/parseAst.js:401:41)
    at error (file:///C:/Users/raphael.eric/convert/dcf/node_modules/rollup/dis
t/es/shared/parseAst.js:397:42)
    at Module.error (file:///C:/Users/raphael.eric/convert/dcf/node_modules/rol
lup/dist/es/shared/node-entry.js:16946:16)
    at Module.traceVariable (file:///C:/Users/raphael.eric/convert/dcf/node_mod
ules/rollup/dist/es/shared/node-entry.js:17400:29)
    at ModuleScope.findVariable (file:///C:/Users/raphael.eric/convert/dcf/node
_modules/rollup/dist/es/shared/node-entry.js:15067:39)
    at ReturnValueScope.findVariable (file:///C:/Users/raphael.eric/convert/dcf
/node_modules/rollup/dist/es/shared/node-entry.js:5641:38)
    at FunctionBodyScope.findVariable (file:///C:/Users/raphael.eric/convert/dc
f/node_modules/rollup/dist/es/shared/node-entry.js:5641:38)
    at Identifier.bind (file:///C:/Users/raphael.eric/convert/dcf/node_modules/
rollup/dist/es/shared/node-entry.js:5415:40)
    at CallExpression.bind (file:///C:/Users/raphael.eric/convert/dcf/node_modu
les/rollup/dist/es/shared/node-entry.js:2802:28)
    at CallExpression.bind (file:///C:/Users/raphael.eric/convert/dcf/node_modu
les/rollup/dist/es/shared/node-entry.js:12114:15)[39m
